Starting test...
Calling outline API...
Step 1 SUCCESS: Outline = Test
Calling slides API...
ERROR: HTTPError HTTP Error 500: Internal Server Error
Traceback (most recent call last):
  File "E:\LEARN\2026Spring\人工智能创新创业\ppt_ai\test_with_log.py", line 31, in <module>
    resp2 = urllib.request.urlopen(req2, timeout=30)
  File "E:\Environments\Python313\Lib\urllib\request.py", line 189, in urlopen
    return opener.open(url, data, timeout)
           ~~~~~~~~~~~^^^^^^^^^^^^^^^^^^^^
  File "E:\Environments\Python313\Lib\urllib\request.py", line 495, in open
    response = meth(req, response)
  File "E:\Environments\Python313\Lib\urllib\request.py", line 604, in http_response
    response = self.parent.error(
        'http', request, response, code, msg, hdrs)
  File "E:\Environments\Python313\Lib\urllib\request.py", line 533, in error
    return self._call_chain(*args)
           ~~~~~~~~~~~~~~~~^^^^^^^
  File "E:\Environments\Python313\Lib\urllib\request.py", line 466, in _call_chain
    result = func(*args)
  File "E:\Environments\Python313\Lib\urllib\request.py", line 613, in http_error_default
    raise HTTPError(req.full_url, code, msg, hdrs, fp)
urllib.error.HTTPError: HTTP Error 500: Internal Server Error
